[0.011s][info][gc] Using G1
[5.680s][info][gc] GC(0) Pause Young (Normal) (G1 Evacuation Pause) 5M->2M(12M) 4.299ms
[5.709s][info][gc] GC(1) Pause Young (Normal) (G1 Evacuation Pause) 4M->2M(12M) 2.410ms
[5.763s][info][gc] GC(2) Pause Young (Normal) (G1 Evacuation Pause) 4M->3M(12M) 1.505ms
[5.814s][info][gc] GC(3) Pause Young (Normal) (G1 Evacuation Pause) 6M->3M(12M) 1.815ms
[5.843s][info][gc] GC(4) Pause Young (Normal) (G1 Evacuation Pause) 6M->3M(12M) 1.360ms
[5.985s][info][gc] GC(5) Pause Young (Normal) (G1 Evacuation Pause) 6M->3M(12M) 0.826ms
[6.051s][info][gc] GC(6) Pause Young (Normal) (G1 Evacuation Pause) 6M->4M(12M) 1.244ms
[6.192s][info][gc] GC(7) Pause Young (Normal) (G1 Evacuation Pause) 8M->4M(12M) 2.211ms
[18.361s][info][gc] GC(8) Pause Young (Normal) (G1 Evacuation Pause) 8M->4M(12M) 4.705ms
